Archive member included to satisfy reference by file (symbol)

c:/nxp/mcuxpressoide_10.2.1_795/ide/tools/bin/../lib/gcc/arm-none-eabi/7.2.1/../../../../arm-none-eabi/lib/thumb/v6-m\libcr_nohost_nf.a(_cr__main.o)
                              ./startup/startup_mkl25z4.o (__main)
c:/nxp/mcuxpressoide_10.2.1_795/ide/tools/bin/../lib/gcc/arm-none-eabi/7.2.1/../../../../arm-none-eabi/lib/thumb/v6-m\libcr_c.a(memcpy.o)
                              ./drivers/fsl_flash.o (memcpy)
c:/nxp/mcuxpressoide_10.2.1_795/ide/tools/bin/../lib/gcc/arm-none-eabi/7.2.1/../../../../arm-none-eabi/lib/thumb/v6-m\libcr_c.a(memset.o)
                              ./drivers/fsl_dma.o (memset)
c:/nxp/mcuxpressoide_10.2.1_795/ide/tools/bin/../lib/gcc/arm-none-eabi/7.2.1/../../../../arm-none-eabi/lib/thumb/v6-m\libcr_c.a(initio.o)
                              c:/nxp/mcuxpressoide_10.2.1_795/ide/tools/bin/../lib/gcc/arm-none-eabi/7.2.1/../../../../arm-none-eabi/lib/thumb/v6-m\libcr_nohost_nf.a(_cr__main.o) (_initio)
c:/nxp/mcuxpressoide_10.2.1_795/ide/tools/bin/../lib/gcc/arm-none-eabi/7.2.1/../../../../arm-none-eabi/lib/thumb/v6-m\libcr_c.a(setvbuf.o)
                              c:/nxp/mcuxpressoide_10.2.1_795/ide/tools/bin/../lib/gcc/arm-none-eabi/7.2.1/../../../../arm-none-eabi/lib/thumb/v6-m\libcr_c.a(initio.o) (setvbuf)
c:/nxp/mcuxpressoide_10.2.1_795/ide/tools/bin/../lib/gcc/arm-none-eabi/7.2.1/../../../../arm-none-eabi/lib/thumb/v6-m\libcr_c.a(strlen.o)
                              ./utilities/fsl_debug_console.o (strlen)
c:/nxp/mcuxpressoide_10.2.1_795/ide/tools/bin/../lib/gcc/arm-none-eabi/7.2.1/../../../../arm-none-eabi/lib/thumb/v6-m\libcr_c.a(_fdopen.o)
                              c:/nxp/mcuxpressoide_10.2.1_795/ide/tools/bin/../lib/gcc/arm-none-eabi/7.2.1/../../../../arm-none-eabi/lib/thumb/v6-m\libcr_c.a(initio.o) (_fdopen)
c:/nxp/mcuxpressoide_10.2.1_795/ide/tools/bin/../lib/gcc/arm-none-eabi/7.2.1/../../../../arm-none-eabi/lib/thumb/v6-m\libcr_c.a(fclose.o)
                              c:/nxp/mcuxpressoide_10.2.1_795/ide/tools/bin/../lib/gcc/arm-none-eabi/7.2.1/../../../../arm-none-eabi/lib/thumb/v6-m\libcr_c.a(initio.o) (fclose)
c:/nxp/mcuxpressoide_10.2.1_795/ide/tools/bin/../lib/gcc/arm-none-eabi/7.2.1/../../../../arm-none-eabi/lib/thumb/v6-m\libcr_c.a(fflush.o)
                              c:/nxp/mcuxpressoide_10.2.1_795/ide/tools/bin/../lib/gcc/arm-none-eabi/7.2.1/../../../../arm-none-eabi/lib/thumb/v6-m\libcr_c.a(fclose.o) (fflush)
c:/nxp/mcuxpressoide_10.2.1_795/ide/tools/bin/../lib/gcc/arm-none-eabi/7.2.1/../../../../arm-none-eabi/lib/thumb/v6-m\libcr_c.a(fseek.o)
                              c:/nxp/mcuxpressoide_10.2.1_795/ide/tools/bin/../lib/gcc/arm-none-eabi/7.2.1/../../../../arm-none-eabi/lib/thumb/v6-m\libcr_c.a(_fdopen.o) (fseek)
c:/nxp/mcuxpressoide_10.2.1_795/ide/tools/bin/../lib/gcc/arm-none-eabi/7.2.1/../../../../arm-none-eabi/lib/thumb/v6-m\libcr_c.a(ftell.o)
                              c:/nxp/mcuxpressoide_10.2.1_795/ide/tools/bin/../lib/gcc/arm-none-eabi/7.2.1/../../../../arm-none-eabi/lib/thumb/v6-m\libcr_c.a(fseek.o) (ftell)
c:/nxp/mcuxpressoide_10.2.1_795/ide/tools/bin/../lib/gcc/arm-none-eabi/7.2.1/../../../../arm-none-eabi/lib/thumb/v6-m\libcr_c.a(remove.o)
                              c:/nxp/mcuxpressoide_10.2.1_795/ide/tools/bin/../lib/gcc/arm-none-eabi/7.2.1/../../../../arm-none-eabi/lib/thumb/v6-m\libcr_c.a(fclose.o) (remove)
c:/nxp/mcuxpressoide_10.2.1_795/ide/tools/bin/../lib/gcc/arm-none-eabi/7.2.1/../../../../arm-none-eabi/lib/thumb/v6-m\libcr_c.a(_do_fflush.o)
                              c:/nxp/mcuxpressoide_10.2.1_795/ide/tools/bin/../lib/gcc/arm-none-eabi/7.2.1/../../../../arm-none-eabi/lib/thumb/v6-m\libcr_c.a(fflush.o) (_do_fflush)
c:/nxp/mcuxpressoide_10.2.1_795/ide/tools/bin/../lib/gcc/arm-none-eabi/7.2.1/../../../../arm-none-eabi/lib/thumb/v6-m\libcr_c.a(_fflush.o)
                              c:/nxp/mcuxpressoide_10.2.1_795/ide/tools/bin/../lib/gcc/arm-none-eabi/7.2.1/../../../../arm-none-eabi/lib/thumb/v6-m\libcr_c.a(_do_fflush.o) (_fflush)
c:/nxp/mcuxpressoide_10.2.1_795/ide/tools/bin/../lib/gcc/arm-none-eabi/7.2.1/../../../../arm-none-eabi/lib/thumb/v6-m\libcr_c.a(_writebuf.o)
                              c:/nxp/mcuxpressoide_10.2.1_795/ide/tools/bin/../lib/gcc/arm-none-eabi/7.2.1/../../../../arm-none-eabi/lib/thumb/v6-m\libcr_c.a(_fflush.o) (_Cwritebuf)
c:/nxp/mcuxpressoide_10.2.1_795/ide/tools/bin/../lib/gcc/arm-none-eabi/7.2.1/../../../../arm-none-eabi/lib/thumb/v6-m\libcr_c.a(alloc.o)
                              c:/nxp/mcuxpressoide_10.2.1_795/ide/tools/bin/../lib/gcc/arm-none-eabi/7.2.1/../../../../arm-none-eabi/lib/thumb/v6-m\libcr_c.a(fclose.o) (free)
c:/nxp/mcuxpressoide_10.2.1_795/ide/tools/bin/../lib/gcc/arm-none-eabi/7.2.1/../../../../arm-none-eabi/lib/thumb/v6-m\libcr_c.a(errno.o)
[...]
Memory Configuration

Name             Origin             Length             Attributes
PROGRAM_FLASH    0x00000000         0x00020000         xr
SRAM             0x1ffff000         0x00004000         xrw
*default*        0x00000000         0xffffffff

Linker script and memory map

LOAD ./utilities/fsl_debug_console.o
LOAD ./startup/startup_mkl25z4.o
LOAD ./source/POE_Project_2_Project_2.o
LOAD ./source/mtb.o
LOAD ./source/ring_buffer.o
LOAD ./source/semihost_hardfault.o
LOAD ./drivers/fsl_clock.o
LOAD ./drivers/fsl_common.o
LOAD ./drivers/fsl_dma.o
LOAD ./drivers/fsl_dmamux.o
LOAD ./drivers/fsl_flash.o
LOAD ./drivers/fsl_gpio.o
LOAD ./drivers/fsl_lpsci.o
LOAD ./drivers/fsl_lpsci_dma.o
LOAD ./drivers/fsl_smc.o
LOAD ./drivers/fsl_uart.o
LOAD ./drivers/fsl_uart_dma.o
LOAD ./board/board.o
LOAD ./board/clock_config.o
LOAD ./board/peripherals.o
LOAD ./board/pin_mux.o
LOAD ./CMSIS_driver/fsl_uart_cmsis.o
LOAD ./CMSIS/system_MKL25Z4.o
START GROUP
LOAD c:/nxp/mcuxpressoide_10.2.1_795/ide/tools/bin/../lib/gcc/arm-none-eabi/7.2.1/../../../../arm-none-eabi/lib/thumb/v6-m\libcr_nohost_nf.a
LOAD c:/nxp/mcuxpressoide_10.2.1_795/ide/tools/bin/../lib/gcc/arm-none-eabi/7.2.1/../../../../arm-none-eabi/lib/thumb/v6-m\libcr_c.a
LOAD c:/nxp/mcuxpressoide_10.2.1_795/ide/tools/bin/../lib/gcc/arm-none-eabi/7.2.1/thumb/v6-m\libcr_eabihelpers.a
END GROUP
                0x00000000                __base_PROGRAM_FLASH = 0x0
                0x00000000                __base_Flash = 0x0
                0x00020000                __top_PROGRAM_FLASH = 0x20000
                0x00020000                __top_Flash = 0x20000
                0x1ffff000                __base_SRAM = 0x1ffff000
                0x1ffff000                __base_RAM = 0x1ffff000
                0x20003000                __top_SRAM = 0x20003000
                0x20003000                __top_RAM = 0x20003000

.text           0x00000000     0x33ec
 FILL mask 0xff
                0x00000000                __vectors_start__ = ABSOLUTE (.)
 *(.isr_vector)
 .isr_vector    0x00000000       0xc0 ./startup/startup_mkl25z4.o
                0x00000000                g_pfnVectors
                0x00000000                __Vectors
                0x000000c0                . = ALIGN (0x4)
                0x000000c0                __section_table_start = .
                0x000000c0                __data_section_table = .
                0x000000c0        0x4 LONG 0x33ec LOADADDR (.data)
                0x000000c4        0x4 LONG 0x1ffff080 ADDR (.data)
                0x000000c8        0x4 LONG 0x8 SIZEOF (.data)
                0x000000cc                __data_section_table_end = .
                0x000000cc                __bss_section_table = .
                0x000000cc        0x4 LONG 0x1ffff088 ADDR (.bss)
                0x000000d0        0x4 LONG 0xf8 SIZEOF (.bss)
                0x000000d4                __bss_section_table_end = .
                0x000000d4                __section_table_end = .
 *(.after_vectors*)
 .after_vectors.init_data
                0x000000d4       0x16 ./startup/startup_mkl25z4.o
                0x000000d4                data_init
 .after_vectors.init_bss
                0x000000ea       0x12 ./startup/startup_mkl25z4.o
                0x000000ea                bss_init
 .after_vectors.reset
                0x000000fc       0x4c ./startup/startup_mkl25z4.o
                0x000000fc                ResetISR
 .after_vectors
                0x00000148      0x10c ./startup/startup_mkl25z4.o
                0x00000148                NMI_Handler
                0x0000014c                SVC_Handler
                0x0000014e                PendSV_Handler
                0x00000150                SysTick_Handler
                0x00000152                LPTMR0_DriverIRQHandler
                0x00000152                SPI1_DriverIRQHandler
                0x00000152                I2C0_DriverIRQHandler
                0x00000152                Reserved39_DriverIRQHandler
                0x00000152                PORTD_DriverIRQHandler
                0x00000152                CMP0_DriverIRQHandler
                0x00000152                ADC0_DriverIRQHandler
                0x00000152                TPM2_DriverIRQHandler
                0x00000152                SPI0_DriverIRQHandler
                0x00000152                I2C1_DriverIRQHandler
                0x00000152                TSI0_DriverIRQHandler
                0x00000152                RTC_Seconds_DriverIRQHandler
                0x00000152                TPM0_DriverIRQHandler
                0x00000152                PIT_DriverIRQHandler
                0x00000152                LLWU_DriverIRQHandler
                0x00000152                MCG_DriverIRQHandler
                0x00000152                RTC_DriverIRQHandler
                0x00000152                TPM1_DriverIRQHandler
                0x00000152                PORTA_DriverIRQHandler
                0x00000152                FTFA_DriverIRQHandler
                0x00000152                IntDefaultHandler
                0x00000152                USB0_DriverIRQHandler
                0x00000152                DAC0_DriverIRQHandler
                0x00000152                Reserved45_DriverIRQHandler
                0x00000152                LVD_LVW_DriverIRQHandler
                0x00000152                Reserved20_DriverIRQHandler
                0x00000154                DMA0_IRQHandler
                0x0000015c                DMA1_IRQHandler
                0x00000164                DMA2_IRQHandler
                0x0000016c                DMA3_IRQHandler
                0x00000174                Reserved20_IRQHandler
                0x0000017c                FTFA_IRQHandler
                0x00000184                LVD_LVW_IRQHandler
                0x0000018c                LLWU_IRQHandler
                0x00000194                I2C0_IRQHandler
                0x0000019c                I2C1_IRQHandler
                0x000001a4                SPI0_IRQHandler
                0x000001ac                SPI1_IRQHandler
                0x000001b4                UART0_IRQHandler
                0x000001bc                UART1_IRQHandler
                0x000001c4                UART2_IRQHandler
                0x000001cc                ADC0_IRQHandler
                0x000001d4                CMP0_IRQHandler
                0x000001dc                TPM0_IRQHandler
                0x000001e4                TPM1_IRQHandler
                0x000001ec                TPM2_IRQHandler
                0x000001f4                RTC_IRQHandler
                0x000001fc                RTC_Seconds_IRQHandler
                0x00000204                PIT_IRQHandler
                0x0000020c                Reserved39_IRQHandler
                0x00000214                USB0_IRQHandler
                0x0000021c                DAC0_IRQHandler
                0x00000224                TSI0_IRQHandler
                0x0000022c                MCG_IRQHandler
                0x00000234                LPTMR0_IRQHandler
                0x0000023c                Reserved45_IRQHandler
                0x00000244                PORTA_IRQHandler
                0x0000024c                PORTD_IRQHandler
                0x00000400                . = 0x400
 *fill*         0x00000254      0x1ac ff
                0x00000400                PROVIDE (__FLASH_CONFIG_START__, .)
 *(.FlashConfig)
 .FlashConfig   0x00000400       0x10 ./startup/startup_mkl25z4.o
                0x00000400                Flash_Config
                0x00000410                PROVIDE (__FLASH_CONFIG_END__, .)
                0x00000001                ASSERT (! ((__FLASH_CONFIG_START__ == __FLASH_CONFIG_END__)), Linker Flash Config Support Enabled, but no .FlashConfig section provided within application)
 *(.text*)
 .text.UART_EnableTx
                0x00000410       0x40 ./utilities/fsl_debug_console.o
 .text.UART_EnableRx
                0x00000450       0x40 ./utilities/fsl_debug_console.o
 .text.LPSCI_EnableTx
                0x00000490       0x40 ./utilities/fsl_debug_console.o
 .text.LPSCI_EnableRx
                0x000004d0       0x40 ./utilities/fsl_debug_console.o
 .text.DbgConsole_Init
                0x00000510       0xf4 ./utilities/fsl_debug_console.o
                0x00000510                DbgConsole_Init
 .text.DbgConsole_Printf
                0x00000604       0x44 ./utilities/fsl_debug_console.o
                0x00000604                DbgConsole_Printf
 .text.DbgConsole_Putchar
                0x00000648       0x34 ./utilities/fsl_debug_console.o
                0x00000648                DbgConsole_Putchar
 .text.DbgConsole_PrintfPaddingCharacter
                0x0000067c       0x46 ./utilities/fsl_debug_console.o
 .text.DbgConsole_ConvertRadixNumToString
                0x000006c2      0x114 ./utilities/fsl_debug_console.o
 .text.DbgConsole_PrintfFormattedData
                0x000007d6      0x32c ./utilities/fsl_debug_console.o
 *fill*         0x00000b02        0x2 ff
 .text.main     0x00000b04       0x30 ./source/POE_Project_2_Project_2.o
                0x00000b04                main
 .text.HardFault_Handler
                0x00000b34       0x30 ./source/semihost_hardfault.o
                0x00000b34                HardFault_Handler
 .text.CLOCK_SetEr32kClock
                0x00000b64       0x34 ./drivers/fsl_clock.o
 .text.CLOCK_SetPllFllSelClock
                0x00000b98       0x38 ./drivers/fsl_clock.o
 .text.OSC_SetExtRefClkConfig
                0x00000bd0       0x3e ./drivers/fsl_clock.o
 .text.OSC_SetCapLoad
                0x00000c0e       0x42 ./drivers/fsl_clock.o
 .text.CLOCK_GetMcgExtClkFreq
                0x00000c50       0x28 ./drivers/fsl_clock.o
 .text.CLOCK_GetFllExtRefClkFreq
                0x00000c78       0xa4 ./drivers/fsl_clock.o
 .text.CLOCK_GetFllRefClkFreq
                0x00000d1c       0x2c ./drivers/fsl_clock.o
 .text.CLOCK_GetPll0RefFreq
                0x00000d48       0x10 ./drivers/fsl_clock.o
 .text.CLOCK_GetOscRangeFromFreq
                0x00000d58       0x4c ./drivers/fsl_clock.o
 .text.CLOCK_GetPllFllSelClkFreq
                0x00000da4       0x4c ./drivers/fsl_clock.o
                0x00000da4                CLOCK_GetPllFllSelClkFreq
 .text.CLOCK_SetSimConfig
                0x00000df0       0x38 ./drivers/fsl_clock.o
                0x00000df0                CLOCK_SetSimConfig
 .text.CLOCK_GetFllFreq
                0x00000e28       0x84 ./drivers/fsl_clock.o
                0x00000e28                CLOCK_GetFllFreq
 .text.CLOCK_GetPll0Freq
                0x00000eac       0x70 ./drivers/fsl_clock.o
                0x00000eac                CLOCK_GetPll0Freq
 .text.CLOCK_SetExternalRefClkConfig
                0x00000f1c       0x16 ./drivers/fsl_clock.o
                0x00000f1c                CLOCK_SetExternalRefClkConfig
 *fill*         0x00000f32        0x2 ff
 .text.CLOCK_SetInternalRefClkConfig
                0x00000f34      0x128 ./drivers/fsl_clock.o
                0x00000f34                CLOCK_SetInternalRefClkConfig
 .text.CLOCK_EnablePll0
                0x0000105c       0x90 ./drivers/fsl_clock.o
                0x0000105c                CLOCK_EnablePll0
 .text.CLOCK_InitOsc0
                0x000010ec       0x94 ./drivers/fsl_clock.o
                0x000010ec                CLOCK_InitOsc0
 .text.CLOCK_SetPbeMode
                0x00001180       0xb0 ./drivers/fsl_clock.o
                0x00001180                CLOCK_SetPbeMode
 .text.CLOCK_BootToPeeMode
                0x00001230       0x70 ./drivers/fsl_clock.o
                0x00001230                CLOCK_BootToPeeMode
 .text.__assertion_failed
                0x000012a0       0x1c ./drivers/fsl_common.o
                0x000012a0                __assertion_failed
 .text.DMA_ClearChannelStatusFlags
                0x000012bc       0x54 ./drivers/fsl_dma.o
 .text.DMA_HandleIRQ
                0x00001310       0x4c ./drivers/fsl_dma.o
                0x00001310                DMA_HandleIRQ
 .text.DMA0_DriverIRQHandler
                0x0000135c       0x18 ./drivers/fsl_dma.o
                0x0000135c                DMA0_DriverIRQHandler
 .text.DMA1_DriverIRQHandler
                0x00001374       0x18 ./drivers/fsl_dma.o
                0x00001374                DMA1_DriverIRQHandler
 .text.DMA2_DriverIRQHandler
                0x0000138c       0x18 ./drivers/fsl_dma.o
                0x0000138c                DMA2_DriverIRQHandler
 .text.DMA3_DriverIRQHandler
                0x000013a4       0x18 ./drivers/fsl_dma.o
                0x000013a4                DMA3_DriverIRQHandler
 .text.CLOCK_EnableClock
                0x000013bc       0x34 ./drivers/fsl_lpsci.o
 .text.LPSCI_GetInstance
                0x000013f0       0x48 ./drivers/fsl_lpsci.o
                0x000013f0                LPSCI_GetInstance
 .text.LPSCI_Init
                0x00001438      0x260 ./drivers/fsl_lpsci.o
                0x00001438                LPSCI_Init
 .text.LPSCI_GetDefaultConfig
                0x00001698       0x44 ./drivers/fsl_lpsci.o
                0x00001698                LPSCI_GetDefaultConfig
 .text.LPSCI_GetStatusFlags
                0x000016dc       0x26 ./drivers/fsl_lpsci.o
                0x000016dc                LPSCI_GetStatusFlags
 *fill*         0x00001702        0x2 ff
 .text.LPSCI_ClearStatusFlags
                0x00001704       0x94 ./drivers/fsl_lpsci.o
                0x00001704                LPSCI_ClearStatusFlags
 .text.LPSCI_WriteBlocking
                0x00001798       0x4c ./drivers/fsl_lpsci.o
                0x00001798                LPSCI_WriteBlocking
 .text.LPSCI_ReadBlocking
                0x000017e4       0xc0 ./drivers/fsl_lpsci.o
                0x000017e4                LPSCI_ReadBlocking
 .text.UART0_DriverIRQHandler
                0x000018a4       0x24 ./drivers/fsl_lpsci.o
                0x000018a4                UART0_DriverIRQHandler
 .text.CLOCK_EnableClock
                0x000018c8       0x34 ./drivers/fsl_uart.o
 .text.UART_GetInstance
                0x000018fc       0x54 ./drivers/fsl_uart.o
                0x000018fc                UART_GetInstance
 .text.UART_Init
                0x00001950      0x1e8 ./drivers/fsl_uart.o
                0x00001950                UART_Init
 .text.UART_GetDefaultConfig
                0x00001b38       0x44 ./drivers/fsl_uart.o
                0x00001b38                UART_GetDefaultConfig
 .text.UART_GetStatusFlags
                0x00001b7c       0x26 ./drivers/fsl_uart.o
                0x00001b7c                UART_GetStatusFlags
 .text.UART_WriteBlocking
                0x00001ba2       0x3a ./drivers/fsl_uart.o
                0x00001ba2                UART_WriteBlocking
 .text.UART_ReadBlocking
                0x00001bdc       0x98 ./drivers/fsl_uart.o
                0x00001bdc                UART_ReadBlocking
 .text.UART1_DriverIRQHandler
                0x00001c74       0x24 ./drivers/fsl_uart.o
                0x00001c74                UART1_DriverIRQHandler
 .text.UART2_DriverIRQHandler
                0x00001c98       0x24 ./drivers/fsl_uart.o
                0x00001c98                UART2_DriverIRQHandler
 .text.CLOCK_SetLpsci0Clock
                0x00001cbc       0x38 ./board/board.o
 .text.BOARD_InitDebugConsole
                0x00001cf4       0x30 ./board/board.o
                0x00001cf4                BOARD_InitDebugConsole
 .text.CLOCK_SetSimSafeDivs
                0x00001d24       0x20 ./board/clock_config.o
 .text.CLOCK_SetXtal0Freq
                0x00001d44       0x1c ./board/clock_config.o
 .text.BOARD_InitBootClocks
                0x00001d60        0xe ./board/clock_config.o
                0x00001d60                BOARD_InitBootClocks
 *fill*         0x00001d6e        0x2 ff
 .text.CLOCK_CONFIG_SetFllExtRefDiv
                0x00001d70       0x3c ./board/clock_config.o
 .text.BOARD_BootClockRUN
                0x00001dac       0x64 ./board/clock_config.o
                0x00001dac                BOARD_BootClockRUN
 .text.BOARD_InitBootPeripherals
                0x00001e10        0xa ./board/peripherals.o
                0x00001e10                BOARD_InitBootPeripherals
 *fill*         0x00001e1a        0x2 ff
 .text.CLOCK_EnableClock
                0x00001e1c       0x34 ./board/pin_mux.o
 .text.PORT_SetPinMux
                0x00001e50       0x40 ./board/pin_mux.o
 .text.BOARD_InitBootPins
                0x00001e90        0xe ./board/pin_mux.o
                0x00001e90                BOARD_InitBootPins
 *fill*         0x00001e9e        0x2 ff
 .text.BOARD_InitPins
                0x00001ea0       0x4c ./board/pin_mux.o
                0x00001ea0                BOARD_InitPins
 .text.SystemInit
                0x00001eec       0x18 ./CMSIS/system_MKL25Z4.o
                0x00001eec                SystemInit
 .text.__main   0x00001f04        0xc c:/nxp/mcuxpressoide_10.2.1_795/ide/tools/bin/../lib/gcc/arm-none-eabi/7.2.1/../../../../arm-none-eabi/lib/thumb/v6-m\libcr_nohost_nf.a(_cr__main.o)
                0x00001f04                __main
 .text.memset   0x00001f10        0x8 c:/nxp/mcuxpressoide_10.2.1_795/ide/tools/bin/../lib/gcc/arm-none-eabi/7.2.1/../../../../arm-none-eabi/lib/thumb/v6-m\libcr_c.a(memset.o)
                0x00001f10                memset
 .text._initio  0x00001f18       0x7c c:/nxp/mcuxpressoide_10.2.1_795/ide/tools/bin/../lib/gcc/arm-none-eabi/7.2.1/../../../../arm-none-eabi/lib/thumb/v6-m\libcr_c.a(initio.o)
                0x00001f18                _initio
 .text.setvbuf  0x00001f94       0x48 c:/nxp/mcuxpressoide_10.2.1_795/ide/tools/bin/../lib/gcc/arm-none-eabi/7.2.1/../../../../arm-none-eabi/lib/thumb/v6-m\libcr_c.a(setvbuf.o)
                0x00001f94                setvbuf
 .text.strlen   0x00001fdc       0x58 c:/nxp/mcuxpressoide_10.2.1_795/ide/tools/bin/../lib/gcc/arm-none-eabi/7.2.1/../../../../arm-none-eabi/lib/thumb/v6-m\libcr_c.a(strlen.o)
                0x00001fdc                strlen
 .text._fdopen  0x00002034       0x74 c:/nxp/mcuxpressoide_10.2.1_795/ide/tools/bin/../lib/gcc/arm-none-eabi/7.2.1/../../../../arm-none-eabi/lib/thumb/v6-m\libcr_c.a(_fdopen.o)
                0x00002034                _fdopen
 .text.fclose   0x000020a8       0x5c c:/nxp/mcuxpressoide_10.2.1_795/ide/tools/bin/../lib/gcc/arm-none-eabi/7.2.1/../../../../arm-none-eabi/lib/thumb/v6-m\libcr_c.a(fclose.o)
                0x000020a8                fclose
 .text.fflush   0x00002104       0x44 c:/nxp/mcuxpressoide_10.2.1_795/ide/tools/bin/../lib/gcc/arm-none-eabi/7.2.1/../../../../arm-none-eabi/lib/thumb/v6-m\libcr_c.a(fflush.o)
                0x00002104                fflush
 .text.fseek    0x00002148       0xf0 c:/nxp/mcuxpressoide_10.2.1_795/ide/tools/bin/../lib/gcc/arm-none-eabi/7.2.1/../../../../arm-none-eabi/lib/thumb/v6-m\libcr_c.a(fseek.o)
                0x00002148                fseek
 .text.ftell    0x00002238       0x48 c:/nxp/mcuxpressoide_10.2.1_795/ide/tools/bin/../lib/gcc/arm-none-eabi/7.2.1/../../../../arm-none-eabi/lib/thumb/v6-m\libcr_c.a(ftell.o)
                0x00002238                ftell
 .text.remove   0x00002280       0x12 c:/nxp/mcuxpressoide_10.2.1_795/ide/tools/bin/../lib/gcc/arm-none-eabi/7.2.1/../../../../arm-none-eabi/lib/thumb/v6-m\libcr_c.a(remove.o)
                0x00002280                remove
 *fill*         0x00002292        0x2 ff
 .text._do_fflush
                0x00002294       0x44 c:/nxp/mcuxpressoide_10.2.1_795/ide/tools/bin/../lib/gcc/arm-none-eabi/7.2.1/../../../../arm-none-eabi/lib/thumb/v6-m\libcr_c.a(_do_fflush.o)
                0x00002294                _do_fflush
 .text._fflush  0x000022d8       0x5c c:/nxp/mcuxpressoide_10.2.1_795/ide/tools/bin/../lib/gcc/arm-none-eabi/7.2.1/../../../../arm-none-eabi/lib/thumb/v6-m\libcr_c.a(_fflush.o)
                0x000022d8                _fflush
 .text._Cwritebuf
                0x00002334       0x68 c:/nxp/mcuxpressoide_10.2.1_795/ide/tools/bin/../lib/gcc/arm-none-eabi/7.2.1/../../../../arm-none-eabi/lib/thumb/v6-m\libcr_c.a(_writebuf.o)
                0x00002334                _Cwritebuf
 .text.free     0x0000239c       0x2c c:/nxp/mcuxpressoide_10.2.1_795/ide/tools/bin/../lib/gcc/arm-none-eabi/7.2.1/../../../../arm-none-eabi/lib/thumb/v6-m\libcr_c.a(alloc.o)
                0x0000239c                free
 .text._deferredlazyseek
                0x000023c8       0x40 c:/nxp/mcuxpressoide_10.2.1_795/ide/tools/bin/../lib/gcc/arm-none-eabi/7.2.1/../../../../arm-none-eabi/lib/thumb/v6-m\libcr_c.a(_deferredlazyseek.o)
                0x000023c8                _deferredlazyseek
 .text.__aeabi_division_idivmod
                0x00002408       0x78 c:/nxp/mcuxpressoide_10.2.1_795/ide/tools/bin/../lib/gcc/arm-none-eabi/7.2.1/thumb/v6-m\libcr_eabihelpers.a(division_32.o)
                0x00002408                __aeabi_idivmod
                0x00002408                __aeabi_idiv
                0x0000240e                __aeabi_uidivmod
                0x0000240e                __aeabi_uidiv
 .text.__aeabi_division_idiv0
                0x00002480        0x2 c:/nxp/mcuxpressoide_10.2.1_795/ide/tools/bin/../lib/gcc/arm-none-eabi/7.2.1/thumb/v6-m\libcr_eabihelpers.a(division_idiv0.o)
                0x00002480                __aeabi_idiv0
 .text.__aeabi_memset_lowlevel
                0x00002482       0x2a c:/nxp/mcuxpressoide_10.2.1_795/ide/tools/bin/../lib/gcc/arm-none-eabi/7.2.1/thumb/v6-m\libcr_eabihelpers.a(memcpy.o)
                0x00002482                __aeabi_lowlevel_memset
 .text.__sys_close
                0x000024ac        0x6 c:/nxp/mcuxpressoide_10.2.1_795/ide/tools/bin/../lib/gcc/arm-none-eabi/7.2.1/../../../../arm-none-eabi/lib/thumb/v6-m\libcr_nohost_nf.a(__sys_close.o)
                0x000024ac                __sys_close
 .text.__sys_flen
                0x000024b2        0x6 c:/nxp/mcuxpressoide_10.2.1_795/ide/tools/bin/../lib/gcc/arm-none-eabi/7.2.1/../../../../arm-none-eabi/lib/thumb/v6-m\libcr_nohost_nf.a(__sys_flen.o)
                0x000024b2                __sys_flen
 .text.__sys_istty
                0x000024b8        0x6 c:/nxp/mcuxpressoide_10.2.1_795/ide/tools/bin/../lib/gcc/arm-none-eabi/7.2.1/../../../../arm-none-eabi/lib/thumb/v6-m\libcr_nohost_nf.a(__sys_istty.o)
                0x000024b8                __sys_istty
 .text.__sys_remove
                0x000024be        0x6 c:/nxp/mcuxpressoide_10.2.1_795/ide/tools/bin/../lib/gcc/arm-none-eabi/7.2.1/../../../../arm-none-eabi/lib/thumb/v6-m\libcr_nohost_nf.a(__sys_remove.o)
                0x000024be                __sys_remove
 .text.__sys_seek
                0x000024c4        0x6 c:/nxp/mcuxpressoide_10.2.1_795/ide/tools/bin/../lib/gcc/arm-none-eabi/7.2.1/../../../../arm-none-eabi/lib/thumb/v6-m\libcr_nohost_nf.a(__sys_seek.o)
                0x000024c4                __sys_seek
 .text.__sys_tmpnam
                0x000024ca        0x6 c:/nxp/mcuxpressoide_10.2.1_795/ide/tools/bin/../lib/gcc/arm-none-eabi/7.2.1/../../../../arm-none-eabi/lib/thumb/v6-m\libcr_nohost_nf.a(__sys_tmpnam.o)
                0x000024ca                __sys_tmpnam
 .text.__sys_write
                0x000024d0        0x4 c:/nxp/mcuxpressoide_10.2.1_795/ide/tools/bin/../lib/gcc/arm-none-eabi/7.2.1/../../../../arm-none-eabi/lib/thumb/v6-m\libcr_nohost_nf.a(__sys_write.o)
                0x000024d0                __sys_write
 *(.rodata .rodata.* .constdata .constdata.*)
 .rodata        0x000024d4        0xd ./source/POE_Project_2_Project_2.o
 *fill*         0x000024e1        0x3 ff
 .rodata        0x000024e4      0x11d ./drivers/fsl_clock.o
 *fill*         0x00002601        0x3 ff
 .rodata.fllFactorTable.5188
                0x00002604       0x10 ./drivers/fsl_clock.o
 .rodata        0x00002614        0x4 ./drivers/fsl_common.o
 .rodata        0x00002618      0x4ae ./drivers/fsl_dma.o
 *fill*         0x00002ac6        0x2 ff
 .rodata        0x00002ac8      0x48c ./drivers/fsl_lpsci.o
 .rodata.s_uartBases
                0x00002f54        0xc ./drivers/fsl_uart.o
 .rodata.s_uartClock
                0x00002f60        0xc ./drivers/fsl_uart.o
 .rodata        0x00002f6c      0x45b ./drivers/fsl_uart.o
 *fill*         0x000033c7        0x1 ff
 .rodata.mcgConfig_BOARD_BootClockRUN
                0x000033c8        0xa ./board/clock_config.o
                0x000033c8                mcgConfig_BOARD_BootClockRUN
 *fill*         0x000033d2        0x2 ff
 .rodata.simConfig_BOARD_BootClockRUN
                0x000033d4        0x8 ./board/clock_config.o
                0x000033d4                simConfig_BOARD_BootClockRUN
 .rodata.oscConfig_BOARD_BootClockRUN
                0x000033dc        0x8 ./board/clock_config.o
                0x000033dc                oscConfig_BOARD_BootClockRUN
 .rodata._initio.str1.1
                0x000033e4        0x4 c:/nxp/mcuxpressoide_10.2.1_795/ide/tools/bin/../lib/gcc/arm-none-eabi/7.2.1/../../../../arm-none-eabi/lib/thumb/v6-m\libcr_c.a(initio.o)
 .rodata.__num_Ciob_streams
                0x000033e8        0x4 c:/nxp/mcuxpressoide_10.2.1_795/ide/tools/bin/../lib/gcc/arm-none-eabi/7.2.1/../../../../arm-none-eabi/lib/thumb/v6-m\libcr_nohost_nf.a(__ciob.o)
                0x000033e8                __num_Ciob_streams
                0x000033ec                . = ALIGN (0x4)

.glue_7         0x000033ec        0x0
 .glue_7        0x000033ec        0x0 linker stubs

.glue_7t        0x000033ec        0x0
 .glue_7t       0x000033ec        0x0 linker stubs

.vfp11_veneer   0x000033ec        0x0
 .vfp11_veneer  0x000033ec        0x0 linker stubs

.v4_bx          0x000033ec        0x0
 .v4_bx         0x000033ec        0x0 linker stubs

.iplt           0x000033ec        0x0
 .iplt          0x000033ec        0x0 ./utilities/fsl_debug_console.o

.rel.dyn        0x000033ec        0x0
 .rel.iplt      0x000033ec        0x0 ./utilities/fsl_debug_console.o

.ARM.extab
 *(.ARM.extab* .gnu.linkonce.armextab.*)
                0x000033ec                __exidx_start = .

.ARM.exidx
 *(.ARM.exidx* .gnu.linkonce.armexidx.*)
                0x000033ec                __exidx_end = .
                0x000033ec                _etext = .

.m_usb_data
 *(m_usb_bdt)

.mtb_buffer_default
                0x1ffff000       0x80
 *(.mtb*)
 .mtb.$RAM1     0x1ffff000       0x80 ./source/mtb.o
                0x1ffff000                __mtb_buffer__

.uninit_RESERVED
                0x1ffff080        0x0
 *(.bss.$RESERVED*)
                0x1ffff080                . = ALIGN (0x4)
                0x1ffff080                _end_uninit_RESERVED = .

.data           0x1ffff080        0x8 load address 0x000033ec
 FILL mask 0xff
                0x1ffff080                _data = .
 *(vtable)
 *(.ramfunc*)
 *(.data*)
 .data.s_slowIrcFreq
                0x1ffff080        0x4 ./drivers/fsl_clock.o
 .data.SystemCoreClock
                0x1ffff084        0x4 ./CMSIS/system_MKL25Z4.o
                0x1ffff084                SystemCoreClock
                0x1ffff088                . = ALIGN (0x4)
                0x1ffff088                _edata = .

.igot.plt       0x1ffff088        0x0 load address 0x000033f4
 .igot.plt      0x1ffff088        0x0 ./utilities/fsl_debug_console.o

.bss            0x1ffff088       0xf8 load address 0x000033f4
                0x1ffff088                _bss = .
 *(.bss*)
 .bss.s_debugConsole
                0x1ffff088       0x10 ./utilities/fsl_debug_console.o
 .bss.i.5318    0x1ffff098        0x4 ./source/POE_Project_2_Project_2.o
 .bss.g_xtal0Freq
                0x1ffff09c        0x4 ./drivers/fsl_clock.o
                0x1ffff09c                g_xtal0Freq
 .bss.s_DMAHandle
                0x1ffff0a0       0x10 ./drivers/fsl_dma.o
 .bss.s_lpsciHandle
                0x1ffff0b0        0x4 ./drivers/fsl_lpsci.o
 .bss.s_lpsciIsr
                0x1ffff0b4        0x4 ./drivers/fsl_lpsci.o
 .bss.s_uartHandle
                0x1ffff0b8        0xc ./drivers/fsl_uart.o
 .bss.s_uartIsr
                0x1ffff0c4        0x4 ./drivers/fsl_uart.o
 .bss.errno     0x1ffff0c8        0x4 c:/nxp/mcuxpressoide_10.2.1_795/ide/tools/bin/../lib/gcc/arm-none-eabi/7.2.1/../../../../arm-none-eabi/lib/thumb/v6-m\libcr_c.a(errno.o)
                0x1ffff0c8                errno
 .bss.__Ciob    0x1ffff0cc       0xb4 c:/nxp/mcuxpressoide_10.2.1_795/ide/tools/bin/../lib/gcc/arm-none-eabi/7.2.1/../../../../arm-none-eabi/lib/thumb/v6-m\libcr_nohost_nf.a(__ciob.o)
                0x1ffff0cc                __Ciob
 *(COMMON)
                0x1ffff180                . = ALIGN (0x4)
                0x1ffff180                _ebss = .
                [!provide]                PROVIDE (end, .)

.noinit         0x1ffff180        0x0 load address 0x000033f4
                0x1ffff180                _noinit = .
 *(.noinit*)
                0x1ffff180                . = ALIGN (0x4)
                0x1ffff180                _end_noinit = .
                0x00000400                _HeapSize = 0x400

.heap           0x1ffff180      0x400 load address 0x000033f4
                0x1ffff180                _pvHeapStart = .
                0x1ffff580                . = (. + _HeapSize)
 *fill*         0x1ffff180      0x400 
                0x1ffff580                . = ALIGN (0x4)
                0x1ffff580                _pvHeapLimit = .
                0x00000400                _StackSize = 0x400

.heap2stackfill
                0x1ffff580      0x400 load address 0x000033f4
                0x1ffff980                . = (. + _StackSize)
 *fill*         0x1ffff580      0x400 

.stack          0x20002c00        0x0
                0x20002c00                _vStackBase = .
                0x20002c00                . = ALIGN (0x4)
                0x20003000                _vStackTop = (. + _StackSize)
                0x00000000                _image_start = LOADADDR (.text)
                0x000033f4                _image_end = (LOADADDR (.data) + SIZEOF (.data))
                0x000033f4                _image_size = (_image_end - _image_start)
OUTPUT(POE_Project_2_Project_2.axf elf32-littlearm)

.debug_info     0x00000000     0x87ca
 .debug_info    0x00000000      0xde1 ./utilities/fsl_debug_console.o
 .debug_info    0x00000de1      0x49b ./startup/startup_mkl25z4.o
 .debug_info    0x0000127c      0x710 ./source/POE_Project_2_Project_2.o
 .debug_info    0x0000198c       0x52 ./source/mtb.o
 .debug_info    0x000019de       0x3b ./source/semihost_hardfault.o
 .debug_info    0x00001a19     0x1962 ./drivers/fsl_clock.o
 .debug_info    0x0000337b      0x422 ./drivers/fsl_common.o
 .debug_info    0x0000379d      0xeb7 ./drivers/fsl_dma.o
 .debug_info    0x00004654     0x138c ./drivers/fsl_lpsci.o
 .debug_info    0x000059e0     0x1336 ./drivers/fsl_uart.o
 .debug_info    0x00006d16      0x696 ./board/board.o
 .debug_info    0x000073ac      0xa7b ./board/clock_config.o
 .debug_info    0x00007e27       0x3b ./board/peripherals.o
 .debug_info    0x00007e62      0x56a ./board/pin_mux.o
 .debug_info    0x000083cc      0x3fe ./CMSIS/system_MKL25Z4.o

.debug_abbrev   0x00000000     0x1a09
 .debug_abbrev  0x00000000      0x294 ./utilities/fsl_debug_console.o
 .debug_abbrev  0x00000294      0x16d ./startup/startup_mkl25z4.o
 .debug_abbrev  0x00000401      0x15f ./source/POE_Project_2_Project_2.o
 .debug_abbrev  0x00000560       0x44 ./source/mtb.o
 .debug_abbrev  0x000005a4       0x2f ./source/semihost_hardfault.o
 .debug_abbrev  0x000005d3      0x329 ./drivers/fsl_clock.o
 .debug_abbrev  0x000008fc      0x24a ./drivers/fsl_common.o
 .debug_abbrev  0x00000b46      0x2b2 ./drivers/fsl_dma.o
 .debug_abbrev  0x00000df8      0x2cd ./drivers/fsl_lpsci.o
 .debug_abbrev  0x000010c5      0x2e5 ./drivers/fsl_uart.o
 .debug_abbrev  0x000013aa      0x167 ./board/board.o
 .debug_abbrev  0x00001511      0x1f4 ./board/clock_config.o
 .debug_abbrev  0x00001705       0x2f ./board/peripherals.o
 .debug_abbrev  0x00001734      0x199 ./board/pin_mux.o
 .debug_abbrev  0x000018cd      0x13c ./CMSIS/system_MKL25Z4.o

.debug_aranges  0x00000000      0x870
 .debug_aranges
                0x00000000       0x90 ./utilities/fsl_debug_console.o
 .debug_aranges
                0x00000090      0x160 ./startup/startup_mkl25z4.o
 .debug_aranges
                0x000001f0       0x20 ./source/POE_Project_2_Project_2.o
 .debug_aranges
                0x00000210       0x18 ./source/mtb.o
 .debug_aranges
                0x00000228       0x20 ./source/semihost_hardfault.o
 .debug_aranges
                0x00000248      0x1d8 ./drivers/fsl_clock.o
 .debug_aranges
                0x00000420       0x38 ./drivers/fsl_common.o
 .debug_aranges
                0x00000458       0xd0 ./drivers/fsl_dma.o
 .debug_aranges
                0x00000528      0x118 ./drivers/fsl_lpsci.o
 .debug_aranges
                0x00000640      0x130 ./drivers/fsl_uart.o
 .debug_aranges
                0x00000770       0x28 ./board/board.o
 .debug_aranges
                0x00000798       0x58 ./board/clock_config.o
 .debug_aranges
                0x000007f0       0x20 ./board/peripherals.o
 .debug_aranges
                0x00000810       0x38 ./board/pin_mux.o
 .debug_aranges
                0x00000848       0x28 ./CMSIS/system_MKL25Z4.o

.debug_ranges   0x00000000      0x778
 .debug_ranges  0x00000000       0x80 ./utilities/fsl_debug_console.o
 .debug_ranges  0x00000080      0x150 ./startup/startup_mkl25z4.o
 .debug_ranges  0x000001d0       0x10 ./source/POE_Project_2_Project_2.o
 .debug_ranges  0x000001e0       0x10 ./source/semihost_hardfault.o
 .debug_ranges  0x000001f0      0x1c8 ./drivers/fsl_clock.o
 .debug_ranges  0x000003b8       0x28 ./drivers/fsl_common.o
 .debug_ranges  0x000003e0       0xc0 ./drivers/fsl_dma.o
 .debug_ranges  0x000004a0      0x108 ./drivers/fsl_lpsci.o
 .debug_ranges  0x000005a8      0x120 ./drivers/fsl_uart.o
 .debug_ranges  0x000006c8       0x18 ./board/board.o
 .debug_ranges  0x000006e0       0x48 ./board/clock_config.o
 .debug_ranges  0x00000728       0x10 ./board/peripherals.o
 .debug_ranges  0x00000738       0x28 ./board/pin_mux.o
 .debug_ranges  0x00000760       0x18 ./CMSIS/system_MKL25Z4.o

.debug_macro    0x00000000     0x8cdc
 .debug_macro   0x00000000      0x127 ./utilities/fsl_debug_console.o
 .debug_macro   0x00000127      0xa7e ./utilities/fsl_debug_console.o
 .debug_macro   0x00000ba5       0x10 ./utilities/fsl_debug_console.o
 .debug_macro   0x00000bb5       0x16 ./utilities/fsl_debug_console.o
 .debug_macro   0x00000bcb       0x10 ./utilities/fsl_debug_console.o
 .debug_macro   0x00000bdb      0x12d ./utilities/fsl_debug_console.o
 .debug_macro   0x00000d08       0x28 ./utilities/fsl_debug_console.o
 .debug_macro   0x00000d30       0xc4 ./utilities/fsl_debug_console.o
 .debug_macro   0x00000df4       0x16 ./utilities/fsl_debug_console.o
 .debug_macro   0x00000e0a       0x22 ./utilities/fsl_debug_console.o
 .debug_macro   0x00000e2c      0x5b2 ./utilities/fsl_debug_console.o
 .debug_macro   0x000013de       0x10 ./utilities/fsl_debug_console.o
 .debug_macro   0x000013ee       0x3f ./utilities/fsl_debug_console.o
 .debug_macro   0x0000142d       0x3a ./utilities/fsl_debug_console.o
 .debug_macro   0x00001467       0x26 ./utilities/fsl_debug_console.o
 .debug_macro   0x0000148d      0x329 ./utilities/fsl_debug_console.o
 .debug_macro   0x000017b6       0x30 ./utilities/fsl_debug_console.o
 .debug_macro   0x000017e6     0x51e2 ./utilities/fsl_debug_console.o
 .debug_macro   0x000069c8     0x1352 ./utilities/fsl_debug_console.o
 .debug_macro   0x00007d1a       0x3a ./utilities/fsl_debug_console.o
 .debug_macro   0x00007d54       0xf4 ./utilities/fsl_debug_console.o
 .debug_macro   0x00007e48       0x35 ./utilities/fsl_debug_console.o
 .debug_macro   0x00007e7d       0x2e ./utilities/fsl_debug_console.o
 .debug_macro   0x00007eab       0x10 ./utilities/fsl_debug_console.o
 .debug_macro   0x00007ebb       0x10 ./utilities/fsl_debug_console.o
 .debug_macro   0x00007ecb       0x29 ./startup/startup_mkl25z4.o
 .debug_macro   0x00007ef4      0x144 ./source/POE_Project_2_Project_2.o
 .debug_macro   0x00008038       0xd8 ./source/POE_Project_2_Project_2.o
 .debug_macro   0x00008110       0x16 ./source/POE_Project_2_Project_2.o
 .debug_macro   0x00008126       0x10 ./source/POE_Project_2_Project_2.o
 .debug_macro   0x00008136      0x112 ./source/POE_Project_2_Project_2.o
 .debug_macro   0x00008248       0x34 ./source/POE_Project_2_Project_2.o
 .debug_macro   0x0000827c       0x28 ./source/POE_Project_2_Project_2.o
 .debug_macro   0x000082a4       0x2f ./source/mtb.o
 .debug_macro   0x000082d3       0x82 ./source/mtb.o
 .debug_macro   0x00008355       0x10 ./source/mtb.o
 .debug_macro   0x00008365       0x11 ./source/semihost_hardfault.o
 .debug_macro   0x00008376      0x196 ./drivers/fsl_clock.o
 .debug_macro   0x0000850c       0x1c ./drivers/fsl_clock.o
 .debug_macro   0x00008528       0xef ./drivers/fsl_common.o
 .debug_macro   0x00008617       0xec ./drivers/fsl_dma.o
 .debug_macro   0x00008703       0xec ./drivers/fsl_lpsci.o
 .debug_macro   0x000087ef       0xf2 ./drivers/fsl_uart.o
 .debug_macro   0x000088e1      0x112 ./board/board.o
 .debug_macro   0x000089f3      0x123 ./board/clock_config.o
 .debug_macro   0x00008b16       0x1b ./board/peripherals.o
 .debug_macro   0x00008b31      0x107 ./board/pin_mux.o
 .debug_macro   0x00008c38       0x10 ./board/pin_mux.o
 .debug_macro   0x00008c48       0x94 ./CMSIS/system_MKL25Z4.o

.debug_line     0x00000000     0x33c8
 .debug_line    0x00000000      0x69d ./utilities/fsl_debug_console.o
 .debug_line    0x0000069d      0x128 ./startup/startup_mkl25z4.o
 .debug_line    0x000007c5      0x29f ./source/POE_Project_2_Project_2.o
 .debug_line    0x00000a64       0x95 ./source/mtb.o
 .debug_line    0x00000af9       0x54 ./source/semihost_hardfault.o
 .debug_line    0x00000b4d      0x96d ./drivers/fsl_clock.o
 .debug_line    0x000014ba      0x281 ./drivers/fsl_common.o
 .debug_line    0x0000173b      0x4cf ./drivers/fsl_dma.o
 .debug_line    0x00001c0a      0x71d ./drivers/fsl_lpsci.o
 .debug_line    0x00002327      0x720 ./drivers/fsl_uart.o
 .debug_line    0x00002a47      0x24c ./board/board.o
 .debug_line    0x00002c93      0x2ad ./board/clock_config.o
 .debug_line    0x00002f40       0x58 ./board/peripherals.o
 .debug_line    0x00002f98      0x248 ./board/pin_mux.o
 .debug_line    0x000031e0      0x1e8 ./CMSIS/system_MKL25Z4.o

.debug_str      0x00000000    0x36688
 .debug_str     0x00000000    0x313f1 ./utilities/fsl_debug_console.o
                              0x316c4 (size before relaxing)
 .debug_str     0x000313f1      0x3e1 ./startup/startup_mkl25z4.o
                               0x3130 (size before relaxing)
 .debug_str     0x000317d2     0x11c2 ./source/POE_Project_2_Project_2.o
                              0x31b76 (size before relaxing)
 .debug_str     0x00032994      0x532 ./source/mtb.o
                               0x323c (size before relaxing)
 .debug_str     0x00032ec6       0x1f ./source/semihost_hardfault.o
                               0x2d29 (size before relaxing)
 .debug_str     0x00032ee5     0x15a8 ./drivers/fsl_clock.o
                              0x32237 (size before relaxing)
 .debug_str     0x0003448d      0x2d6 ./drivers/fsl_common.o
                              0x3081e (size before relaxing)
 .debug_str     0x00034763      0x7e5 ./drivers/fsl_dma.o
                              0x31505 (size before relaxing)
 .debug_str     0x00034f48      0x946 ./drivers/fsl_lpsci.o
                              0x3183f (size before relaxing)
 .debug_str     0x0003588e      0x832 ./drivers/fsl_uart.o
                              0x31862 (size before relaxing)
 .debug_str     0x000360c0       0x4c ./board/board.o
                              0x3137c (size before relaxing)
 .debug_str     0x0003610c      0x300 ./board/clock_config.o
                              0x31165 (size before relaxing)
 .debug_str     0x0003640c       0x31 ./board/peripherals.o
                               0x2d3a (size before relaxing)
 .debug_str     0x0003643d      0x1fc ./board/pin_mux.o
                              0x308c8 (size before relaxing)
 .debug_str     0x00036639       0x4f ./CMSIS/system_MKL25Z4.o
                              0x2fba1 (size before relaxing)

.comment        0x00000000       0x7e
 .comment       0x00000000       0x7e ./utilities/fsl_debug_console.o
                                 0x7f (size before relaxing)
 .comment       0x0000007e       0x7f ./startup/startup_mkl25z4.o
 .comment       0x0000007e       0x7f ./source/POE_Project_2_Project_2.o
 .comment       0x0000007e       0x7f ./source/mtb.o
 .comment       0x0000007e       0x7f ./source/semihost_hardfault.o
 .comment       0x0000007e       0x7f ./drivers/fsl_clock.o
 .comment       0x0000007e       0x7f ./drivers/fsl_common.o
 .comment       0x0000007e       0x7f ./drivers/fsl_dma.o
 .comment       0x0000007e       0x7f ./drivers/fsl_lpsci.o
 .comment       0x0000007e       0x7f ./drivers/fsl_uart.o
 .comment       0x0000007e       0x7f ./board/board.o
 .comment       0x0000007e       0x7f ./board/clock_config.o
 .comment       0x0000007e       0x7f ./board/peripherals.o
 .comment       0x0000007e       0x7f ./board/pin_mux.o
 .comment       0x0000007e       0x7f ./CMSIS/system_MKL25Z4.o
 .comment       0x0000007e       0x7f c:/nxp/mcuxpressoide_10.2.1_795/ide/tools/bin/../lib/gcc/arm-none-eabi/7.2.1/../../../../arm-none-eabi/lib/thumb/v6-m\libcr_nohost_nf.a(_cr__main.o)
 .comment       0x0000007e       0x7f c:/nxp/mcuxpressoide_10.2.1_795/ide/tools/bin/../lib/gcc/arm-none-eabi/7.2.1/../../../../arm-none-eabi/lib/thumb/v6-m\libcr_c.a(memset.o)
 .comment       0x0000007e       0x7f c:/nxp/mcuxpressoide_10.2.1_795/ide/tools/bin/../lib/gcc/arm-none-eabi/7.2.1/../../../../arm-none-eabi/lib/thumb/v6-m\libcr_c.a(initio.o)
 .comment       0x0000007e       0x7f c:/nxp/mcuxpressoide_10.2.1_795/ide/tools/bin/../lib/gcc/arm-none-eabi/7.2.1/../../../../arm-none-eabi/lib/thumb/v6-m\libcr_c.a(setvbuf.o)
 .comment       0x0000007e       0x7f c:/nxp/mcuxpressoide_10.2.1_795/ide/tools/bin/../lib/gcc/arm-none-eabi/7.2.1/../../../../arm-none-eabi/lib/thumb/v6-m\libcr_c.a(strlen.o)
 .comment       0x0000007e       0x7f c:/nxp/mcuxpressoide_10.2.1_795/ide/tools/bin/../lib/gcc/arm-none-eabi/7.2.1/../../../../arm-none-eabi/lib/thumb/v6-m\libcr_c.a(_fdopen.o)
 .comment       0x0000007e       0x7f c:/nxp/mcuxpressoide_10.2.1_795/ide/tools/bin/../lib/gcc/arm-none-eabi/7.2.1/../../../../arm-none-eabi/lib/thumb/v6-m\libcr_c.a(fclose.o)
 .comment       0x0000007e       0x7f c:/nxp/mcuxpressoide_10.2.1_795/ide/tools/bin/../lib/gcc/arm-none-eabi/7.2.1/../../../../arm-none-eabi/lib/thumb/v6-m\libcr_c.a(fflush.o)
 .comment       0x0000007e       0x7f c:/nxp/mcuxpressoide_10.2.1_795/ide/tools/bin/../lib/gcc/arm-none-eabi/7.2.1/../../../../arm-none-eabi/lib/thumb/v6-m\libcr_c.a(fseek.o)
 .comment       0x0000007e       0x7f c:/nxp/mcuxpressoide_10.2.1_795/ide/tools/bin/../lib/gcc/arm-none-eabi/7.2.1/../../../../arm-none-eabi/lib/thumb/v6-m\libcr_c.a(ftell.o)
 .comment       0x0000007e       0x7f c:/nxp/mcuxpressoide_10.2.1_795/ide/tools/bin/../lib/gcc/arm-none-eabi/7.2.1/../../../../arm-none-eabi/lib/thumb/v6-m\libcr_c.a(remove.o)
 .comment       0x0000007e       0x7f c:/nxp/mcuxpressoide_10.2.1_795/ide/tools/bin/../lib/gcc/arm-none-eabi/7.2.1/../../../../arm-none-eabi/lib/thumb/v6-m\libcr_c.a(_do_fflush.o)
 .comment       0x0000007e       0x7f c:/nxp/mcuxpressoide_10.2.1_795/ide/tools/bin/../lib/gcc/arm-none-eabi/7.2.1/../../../../arm-none-eabi/lib/thumb/v6-m\libcr_c.a(_fflush.o)
 .comment       0x0000007e       0x7f c:/nxp/mcuxpressoide_10.2.1_795/ide/tools/bin/../lib/gcc/arm-none-eabi/7.2.1/../../../../arm-none-eabi/lib/thumb/v6-m\libcr_c.a(_writebuf.o)
 .comment       0x0000007e       0x7f c:/nxp/mcuxpressoide_10.2.1_795/ide/tools/bin/../lib/gcc/arm-none-eabi/7.2.1/../../../../arm-none-eabi/lib/thumb/v6-m\libcr_c.a(alloc.o)
 .comment       0x0000007e       0x7f c:/nxp/mcuxpressoide_10.2.1_795/ide/tools/bin/../lib/gcc/arm-none-eabi/7.2.1/../../../../arm-none-eabi/lib/thumb/v6-m\libcr_c.a(errno.o)
 .comment       0x0000007e       0x7f c:/nxp/mcuxpressoide_10.2.1_795/ide/tools/bin/../lib/gcc/arm-none-eabi/7.2.1/../../../../arm-none-eabi/lib/thumb/v6-m\libcr_c.a(_deferredlazyseek.o)
 .comment       0x0000007e       0x7f c:/nxp/mcuxpressoide_10.2.1_795/ide/tools/bin/../lib/gcc/arm-none-eabi/7.2.1/../../../../arm-none-eabi/lib/thumb/v6-m\libcr_nohost_nf.a(__ciob.o)
 .comment       0x0000007e       0x7f c:/nxp/mcuxpressoide_10.2.1_795/ide/tools/bin/../lib/gcc/arm-none-eabi/7.2.1/../../../../arm-none-eabi/lib/thumb/v6-m\libcr_nohost_nf.a(__sys_close.o)
 .comment       0x0000007e       0x7f c:/nxp/mcuxpressoide_10.2.1_795/ide/tools/bin/../lib/gcc/arm-none-eabi/7.2.1/../../../../arm-none-eabi/lib/thumb/v6-m\libcr_nohost_nf.a(__sys_flen.o)
 .comment       0x0000007e       0x7f c:/nxp/mcuxpressoide_10.2.1_795/ide/tools/bin/../lib/gcc/arm-none-eabi/7.2.1/../../../../arm-none-eabi/lib/thumb/v6-m\libcr_nohost_nf.a(__sys_istty.o)
 .comment       0x0000007e       0x7f c:/nxp/mcuxpressoide_10.2.1_795/ide/tools/bin/../lib/gcc/arm-none-eabi/7.2.1/../../../../arm-none-eabi/lib/thumb/v6-m\libcr_nohost_nf.a(__sys_remove.o)
 .comment       0x0000007e       0x7f c:/nxp/mcuxpressoide_10.2.1_795/ide/tools/bin/../lib/gcc/arm-none-eabi/7.2.1/../../../../arm-none-eabi/lib/thumb/v6-m\libcr_nohost_nf.a(__sys_seek.o)
 .comment       0x0000007e       0x7f c:/nxp/mcuxpressoide_10.2.1_795/ide/tools/bin/../lib/gcc/arm-none-eabi/7.2.1/../../../../arm-none-eabi/lib/thumb/v6-m\libcr_nohost_nf.a(__sys_tmpnam.o)
 .comment       0x0000007e       0x7f c:/nxp/mcuxpressoide_10.2.1_795/ide/tools/bin/../lib/gcc/arm-none-eabi/7.2.1/../../../../arm-none-eabi/lib/thumb/v6-m\libcr_nohost_nf.a(__sys_write.o)

.ARM.attributes
                0x00000000       0x30
 .ARM.attributes
                0x00000000       0x32 ./utilities/fsl_debug_console.o
 .ARM.attributes
                0x00000032       0x32 ./startup/startup_mkl25z4.o
 .ARM.attributes
                0x00000064       0x32 ./source/POE_Project_2_Project_2.o
 .ARM.attributes
                0x00000096       0x32 ./source/mtb.o
 .ARM.attributes
                0x000000c8       0x32 ./source/semihost_hardfault.o
 .ARM.attributes
                0x000000fa       0x32 ./drivers/fsl_clock.o
 .ARM.attributes
                0x0000012c       0x32 ./drivers/fsl_common.o
 .ARM.attributes
                0x0000015e       0x32 ./drivers/fsl_dma.o
 .ARM.attributes
                0x00000190       0x32 ./drivers/fsl_lpsci.o
 .ARM.attributes
                0x000001c2       0x32 ./drivers/fsl_uart.o
 .ARM.attributes
                0x000001f4       0x32 ./board/board.o
 .ARM.attributes
                0x00000226       0x32 ./board/clock_config.o
 .ARM.attributes
                0x00000258       0x32 ./board/peripherals.o
 .ARM.attributes
                0x0000028a       0x32 ./board/pin_mux.o
 .ARM.attributes
                0x000002bc       0x32 ./CMSIS/system_MKL25Z4.o
 .ARM.attributes
                0x000002ee       0x31 c:/nxp/mcuxpressoide_10.2.1_795/ide/tools/bin/../lib/gcc/arm-none-eabi/7.2.1/../../../../arm-none-eabi/lib/thumb/v6-m\libcr_nohost_nf.a(_cr__main.o)
 .ARM.attributes
                0x0000031f       0x31 c:/nxp/mcuxpressoide_10.2.1_795/ide/tools/bin/../lib/gcc/arm-none-eabi/7.2.1/../../../../arm-none-eabi/lib/thumb/v6-m\libcr_c.a(memset.o)
 .ARM.attributes
                0x00000350       0x31 c:/nxp/mcuxpressoide_10.2.1_795/ide/tools/bin/../lib/gcc/arm-none-eabi/7.2.1/../../../../arm-none-eabi/lib/thumb/v6-m\libcr_c.a(initio.o)
 .ARM.attributes
                0x00000381       0x31 c:/nxp/mcuxpressoide_10.2.1_795/ide/tools/bin/../lib/gcc/arm-none-eabi/7.2.1/../../../../arm-none-eabi/lib/thumb/v6-m\libcr_c.a(setvbuf.o)
 .ARM.attributes
                0x000003b2       0x31 c:/nxp/mcuxpressoide_10.2.1_795/ide/tools/bin/../lib/gcc/arm-none-eabi/7.2.1/../../../../arm-none-eabi/lib/thumb/v6-m\libcr_c.a(strlen.o)
 .ARM.attributes
                0x000003e3       0x31 c:/nxp/mcuxpressoide_10.2.1_795/ide/tools/bin/../lib/gcc/arm-none-eabi/7.2.1/../../../../arm-none-eabi/lib/thumb/v6-m\libcr_c.a(_fdopen.o)
 .ARM.attributes
                0x00000414       0x31 c:/nxp/mcuxpressoide_10.2.1_795/ide/tools/bin/../lib/gcc/arm-none-eabi/7.2.1/../../../../arm-none-eabi/lib/thumb/v6-m\libcr_c.a(fclose.o)
 .ARM.attributes
                0x00000445       0x31 c:/nxp/mcuxpressoide_10.2.1_795/ide/tools/bin/../lib/gcc/arm-none-eabi/7.2.1/../../../../arm-none-eabi/lib/thumb/v6-m\libcr_c.a(fflush.o)
 .ARM.attributes
                0x00000476       0x31 c:/nxp/mcuxpressoide_10.2.1_795/ide/tools/bin/../lib/gcc/arm-none-eabi/7.2.1/../../../../arm-none-eabi/lib/thumb/v6-m\libcr_c.a(fseek.o)
 .ARM.attributes
                0x000004a7       0x31 c:/nxp/mcuxpressoide_10.2.1_795/ide/tools/bin/../lib/gcc/arm-none-eabi/7.2.1/../../../../arm-none-eabi/lib/thumb/v6-m\libcr_c.a(ftell.o)
 .ARM.attributes
                0x000004d8       0x31 c:/nxp/mcuxpressoide_10.2.1_795/ide/tools/bin/../lib/gcc/arm-none-eabi/7.2.1/../../../../arm-none-eabi/lib/thumb/v6-m\libcr_c.a(remove.o)
 .ARM.attributes
                0x00000509       0x31 c:/nxp/mcuxpressoide_10.2.1_795/ide/tools/bin/../lib/gcc/arm-none-eabi/7.2.1/../../../../arm-none-eabi/lib/thumb/v6-m\libcr_c.a(_do_fflush.o)
 .ARM.attributes
                0x0000053a       0x31 c:/nxp/mcuxpressoide_10.2.1_795/ide/tools/bin/../lib/gcc/arm-none-eabi/7.2.1/../../../../arm-none-eabi/lib/thumb/v6-m\libcr_c.a(_fflush.o)
 .ARM.attributes
                0x0000056b       0x31 c:/nxp/mcuxpressoide_10.2.1_795/ide/tools/bin/../lib/gcc/arm-none-eabi/7.2.1/../../../../arm-none-eabi/lib/thumb/v6-m\libcr_c.a(_writebuf.o)
 .ARM.attributes
                0x0000059c       0x31 c:/nxp/mcuxpressoide_10.2.1_795/ide/tools/bin/../lib/gcc/arm-none-eabi/7.2.1/../../../../arm-none-eabi/lib/thumb/v6-m\libcr_c.a(alloc.o)
 .ARM.attributes
                0x000005cd       0x31 c:/nxp/mcuxpressoide_10.2.1_795/ide/tools/bin/../lib/gcc/arm-none-eabi/7.2.1/../../../../arm-none-eabi/lib/thumb/v6-m\libcr_c.a(errno.o)
 .ARM.attributes
                0x000005fe       0x31 c:/nxp/mcuxpressoide_10.2.1_795/ide/tools/bin/../lib/gcc/arm-none-eabi/7.2.1/../../../../arm-none-eabi/lib/thumb/v6-m\libcr_c.a(_deferredlazyseek.o)
 .ARM.attributes
                0x0000062f       0x21 c:/nxp/mcuxpressoide_10.2.1_795/ide/tools/bin/../lib/gcc/arm-none-eabi/7.2.1/thumb/v6-m\libcr_eabihelpers.a(division_32.o)
 .ARM.attributes
                0x00000650       0x21 c:/nxp/mcuxpressoide_10.2.1_795/ide/tools/bin/../lib/gcc/arm-none-eabi/7.2.1/thumb/v6-m\libcr_eabihelpers.a(division_idiv0.o)
 .ARM.attributes
                0x00000671       0x21 c:/nxp/mcuxpressoide_10.2.1_795/ide/tools/bin/../lib/gcc/arm-none-eabi/7.2.1/thumb/v6-m\libcr_eabihelpers.a(memcpy.o)
 .ARM.attributes
                0x00000692       0x31 c:/nxp/mcuxpressoide_10.2.1_795/ide/tools/bin/../lib/gcc/arm-none-eabi/7.2.1/../../../../arm-none-eabi/lib/thumb/v6-m\libcr_nohost_nf.a(__ciob.o)
 .ARM.attributes
                0x000006c3       0x31 c:/nxp/mcuxpressoide_10.2.1_795/ide/tools/bin/../lib/gcc/arm-none-eabi/7.2.1/../../../../arm-none-eabi/lib/thumb/v6-m\libcr_nohost_nf.a(__sys_close.o)
 .ARM.attributes
                0x000006f4       0x31 c:/nxp/mcuxpressoide_10.2.1_795/ide/tools/bin/../lib/gcc/arm-none-eabi/7.2.1/../../../../arm-none-eabi/lib/thumb/v6-m\libcr_nohost_nf.a(__sys_flen.o)
 .ARM.attributes
                0x00000725       0x31 c:/nxp/mcuxpressoide_10.2.1_795/ide/tools/bin/../lib/gcc/arm-none-eabi/7.2.1/../../../../arm-none-eabi/lib/thumb/v6-m\libcr_nohost_nf.a(__sys_istty.o)
 .ARM.attributes
                0x00000756       0x31 c:/nxp/mcuxpressoide_10.2.1_795/ide/tools/bin/../lib/gcc/arm-none-eabi/7.2.1/../../../../arm-none-eabi/lib/thumb/v6-m\libcr_nohost_nf.a(__sys_remove.o)
 .ARM.attributes
                0x00000787       0x31 c:/nxp/mcuxpressoide_10.2.1_795/ide/tools/bin/../lib/gcc/arm-none-eabi/7.2.1/../../../../arm-none-eabi/lib/thumb/v6-m\libcr_nohost_nf.a(__sys_seek.o)
 .ARM.attributes
                0x000007b8       0x31 c:/nxp/mcuxpressoide_10.2.1_795/ide/tools/bin/../lib/gcc/arm-none-eabi/7.2.1/../../../../arm-none-eabi/lib/thumb/v6-m\libcr_nohost_nf.a(__sys_tmpnam.o)
 .ARM.attributes
                0x000007e9       0x31 c:/nxp/mcuxpressoide_10.2.1_795/ide/tools/bin/../lib/gcc/arm-none-eabi/7.2.1/../../../../arm-none-eabi/lib/thumb/v6-m\libcr_nohost_nf.a(__sys_write.o)

.debug_frame    0x00000000     0x1b0c
 .debug_frame   0x00000000      0x1f0 ./utilities/fsl_debug_console.o
 .debug_frame   0x000001f0      0x3b0 ./startup/startup_mkl25z4.o
 .debug_frame   0x000005a0       0x2c ./source/POE_Project_2_Project_2.o
 .debug_frame   0x000005cc       0x20 ./source/semihost_hardfault.o
 .debug_frame   0x000005ec      0x6e0 ./drivers/fsl_clock.o
 .debug_frame   0x00000ccc       0x90 ./drivers/fsl_common.o
 .debug_frame   0x00000d5c      0x2e0 ./drivers/fsl_dma.o
 .debug_frame   0x0000103c      0x418 ./drivers/fsl_lpsci.o
 .debug_frame   0x00001454      0x468 ./drivers/fsl_uart.o
 .debug_frame   0x000018bc       0x50 ./board/board.o
 .debug_frame   0x0000190c      0x100 ./board/clock_config.o
 .debug_frame   0x00001a0c       0x2c ./board/peripherals.o
 .debug_frame   0x00001a38       0x88 ./board/pin_mux.o
 .debug_frame   0x00001ac0       0x4c ./CMSIS/system_MKL25Z4.o
